[tradegpt.gitbook.io/tradegpt/index.html]
[backblue.gif]
[fade.gif]
[index.html]
[4007969913-files.gitbook.io/_/files/v0/b/gitbook-x-prod.appspot.com/o/spaces/1Dma6Wvq36KEzEiU5U5U/icon/LIPivDyLeftdqTo4zAiK/logo PNGcc36.png]
[4007969913-files.gitbook.io/_/files/v0/b/gitbook-x-prod.appspot.com/o/spaces/1Dma6Wvq36KEzEiU5U5U/uploads/S64NrLeAvQ1dZkT0MCgP/whitepap278fd.png]
[app.gitbook.com/public/app/public-O2YEK6WY.minefa5.js]
[app.gitbook.com/public/app/public-HLF5VCAOefa5.css]
[cdn.iframe.ly/embed.js]
[cdn.polyfill.io/v2/polyfill8a7a.js]
[tradegpt.gitbook.io/tradegpt/ecosystem.html]
[tradegpt.gitbook.io/tradegpt/technical-details.html]
[tradegpt.gitbook.io/tradegpt/what-makes-tradegpt-unique.html]
[tradegpt.gitbook.io/tradegpt/roadmap.html]
[tradegpt.gitbook.io/tradegpt/tokenomics.html]
[tradegpt.gitbook.io/tradegpt/security.html]
[tradegpt.gitbook.io/tradegpt/index.html]
[app.gitbook.com/public/app/public-HLF5VCAOefa5.css]
[tradegpt.gitbook.io/tradegpt/referral-program.html]
[tradegpt.gitbook.io/tradegpt/ecosystem/ai-back-up-wallet.html]
[tradegpt.gitbook.io/tradegpt/ecosystem.html]
[tradegpt.gitbook.io/tradegpt/technical-details.html]
[tradegpt.gitbook.io/tradegpt/what-makes-tradegpt-unique.html]
[tradegpt.gitbook.io/tradegpt/roadmap.html]
[tradegpt.gitbook.io/tradegpt/tokenomics.html]
[tradegpt.gitbook.io/tradegpt/ecosystem/staking.html]
[tradegpt.gitbook.io/tradegpt/security.html]
[tradegpt.gitbook.io/tradegpt/referral-program.html]
[tradegpt.gitbook.io/tradegpt/ecosystem/ai-back-up-wallet.html]
[tradegpt.gitbook.io/tradegpt/ecosystem/staking.html]
[tradegpt.gitbook.io/tradegpt/security/fundsaresafu.html]
[tradegpt.gitbook.io/tradegpt/security/fundsaresafu.html]
